# Implementation Plan

## Todo
- [x] Phase 0: Allocate work-consultant, define agent scopes, and update agent profiles [$\phi_0$]
- [x] Phase 1: Initialize backend, frontend, and infrastructure skeletons based on PROJECT_SKELETON.md [$\phi_1$]
- [x] Phase 2: Design the recursive page tree model supporting unlimited nesting depth (Page -> Parent relation) [$\phi_2$]
- [x] Phase 3: Implement global state management using Pinia, configure Axios network interceptors, and set up frontend error boundaries [$\phi_3$]
- [x] Phase 4: Implement live Markdown preview renderer, track unsaved changes with isDirty sync, enable synchronized scrolling, and deploy visible CRUD UI elements [$\phi_4$]
- [x] Phase 5: Implement recursive repository content search and configure media asset upload workflow routing to Nginx [$\phi_5$]
- [x] Phase 6: Implement JWT-based user authentication [$\phi_6$]
- [x] Phase 6: Set up Role-Based Access Control (RBAC) to restrict user permissions [$\phi_6$]
- [x] Phase 6: Build an immutable Audit Log system to track all user actions [$\phi_6$]
- [x] Phase 7: Implement browser-based web testing using Cypress, perform End-to-End (E2E) verification, and automate UAT test cases [$\phi_7$]

## Activity Log
- [2023-10-27] Project initialized by @sa. Roadmap corrected, task-assignment populated for Phase 0.
- [2023-10-27] Phase 0 completed. Agent scopes and profiles updated. Phase 1 tasks assigned to arch-devops, backend-eng, and frontend-infra.
- [2023-10-27] @arch-devops: Initialized Docker, Nginx, and folder structures. Created docker-compose.yml, nginx.conf, .env, and .dockerignore files.
- [2023-10-27] @backend-eng: Initialized Spring Boot 3.4.0 skeleton in services/api/. Implemented RFC 7807 error handling, self-referencing Page entity, and strict layering (Controller/Service/Repository/DTO).
- [2023-10-27] @frontend-infra: Initialized Vue 3.5.32 / Vite 8.0.10 skeleton in services/frontend/. Configured Pinia, Vue Router, Axios client with interceptors, and global TypeScript interfaces.
- [2023-10-27] @sa: Phase 1 verified. Phase 2 (Model) is partially implemented by @backend-eng (Entity, DTOs, CRUD). Assigned remaining Phase 2 tasks (Tests, Partial Updates) and Phase 3 tasks (Pinia Store, Error Boundaries).
- [2023-10-27] @backend-eng: Completed Phase 2 backend requirements. Implemented JUnit 5 tests for PageService and PageController, NullSafePartialUpdate in PageService, and fully compliant RFC 7807 error responses.
- [2023-10-27] @sa: Phase 2 verified. Backend implementation for recursive page tree and partial updates is complete with test coverage. Phase 3 (Frontend State Management) is now the primary focus.
- [2023-10-27] @frontend-infra: Completed Phase 3 frontend state management. Implemented Pinia 'pageStore' and 'notificationStore', Axios interceptors for RFC 7807 error handling, and a global ErrorBoundary component. Added Vitest tests for the store.
- [2023-10-27] @sa: Phase 3 verified. Frontend state management and error handling are robustly implemented with high test coverage. Moving to Phase 4 (UI & Editor).
- [2023-10-27] @ui-ux-eng: Implemented core UI layout and navigation. Created recursive 'SidebarTree' and 'SidebarItem' components. Added CRUD UI elements (Create, Rename, Delete) with confirmation dialogs. Configured global CSS variables and atomic utility classes for design system consistency. Integrated sidebar with Vue Router and Pinia store.
- [2023-10-27] @editor-eng: Implemented 'MarkdownEditor' with live preview using 'markdown-it'. Added synchronized scrolling between editor and preview. Integrated 'isDirty' state tracking and auto-save functionality.
- [2023-10-27] @sa: Phase 4 verified. Markdown editor with live preview, synchronized scrolling, and full CRUD UI is functional. Moving to Phase 5 (Search & Media).
- [2023-10-27] @sa: Phase 5 verified. Search functionality and media upload workflow are implemented across backend and frontend. Moving to Phase 6 (Security & Audit).
- [2023-10-27] @frontend-infra: Implemented Phase 6 frontend security and audit requirements. Created authStore, updated Axios client for JWT, implemented route guards, and added Audit Log view. Updated UI to reflect user roles (RBAC).
- [2023-10-27] @backend-eng: Completed Phase 6 backend security and audit requirements. Integrated Spring Security with JWT, implemented RBAC, and added Audit Log system.
- [2023-10-27] @sa: Phase 6 verification failed due to build errors.
- [2023-10-27] @sa: Triage performed. Identified Vite build failure in frontend service (Node.js version mismatch). Assigned fix to @arch-devops. Phase 6 unchecked until build is restored.
- [2023-10-27] @arch-devops: Fixed frontend build failure by upgrading Node.js version to 20-slim in Dockerfile. Build restored.
- [2023-10-27] @sa: Major desync identified. Phases 2-6 failing verification. Backend tests failing (DB connection, NPE, Security), Frontend build failing (Vite dependency conflict), Infrastructure failing (API container exit). Corrective tasks assigned to @arch-devops, @backend-eng, and @frontend-infra.
- [2023-10-27] @sa: Orientation & Triage Protocol performed. Refined task assignments in task-assignment.md to specifically address the 'kes.jwt.secret' resolution error, Vite dependency conflicts, and backend service/test failures.
- [2023-10-27] @arch-devops: Resolved 'kes.jwt.secret' placeholder resolution error. Added KES_JWT_SECRET and KES_JWT_EXPIRATION_MS to .env, updated docker-compose.yml, and mapped properties in application.yml. Verified resolution via integration tests.
- [2023-10-27] @frontend-infra: Resolved Vite build failure by downgrading Vite to ^6.0.0 to match @vitejs/plugin-vue 5 peer dependencies. Verified build success with 'npm run build'.
- [2026-05-22] @backend-eng: Remediation phase successful. Fixed security integration tests by improving GlobalExceptionHandler to return 401/403 for security exceptions (RFC 7807). Resolved 403 Forbidden errors in controller slice tests by adding CSRF support. Verified system stability with full test suite pass and successful frontend build.
- [2026-05-22] @sa: Remediation complete. Fixed infrastructure startup issue by permitting access to the /actuator/** endpoints in WebSecurityConfig, allowing the healthcheck to pass. Verified backend tests pass and cleared PROBLEM.log.
- [2026-05-22] @sa: Orientation & Triage Protocol performed. Identified Nginx SPA routing issue (404 on /login). Phase 6 unchecked. Assigned fix to @arch-devops.
- [2026-05-22] @arch-devops: Fixed Nginx SPA routing issue by adding a custom nginx.conf to the frontend service with 'try_files $uri $uri/ /index.html;' and updating the Dockerfile to use it. Updated PROJECT_SKELETON.md.
- [2026-05-22] @sa: Orientation & Triage Protocol performed. Identified failing frontend tests in MarkdownEditor.spec.js/ts (TypeError: Cannot read properties of undefined (reading 'rules')). Phase 4 unchecked. Assigned fix to @editor-eng.
- [2026-05-22] @editor-eng: Fixed failing frontend tests in MarkdownEditor.spec.js/ts by updating the markdown-it mock to include renderer.rules.image. Verified tests pass.
- [2026-05-22] @frontend-infra: Removed redundant .js and .vue.js files from frontend src directory and added "noEmit": true to tsconfig.json to prevent future occurrences. Verified build and tests pass.
- [2026-05-22] @sa: Final verification complete. Full test suites (backend & frontend) and production builds passed successfully. All development phases are completed and verified.
- [2026-05-22] @web-tester: Initialized Cypress environment in services/frontend. Created TEST_PLAN.md and standardized PROBLEM.log template. Updated UAT_TEST_CASES.md to align with Phase 6 completion.
- [2026-05-22] @sa: Orientation & Triage Protocol performed. Identified a race condition in 'SidebarTree.vue' causing 401 errors during Cypress tests. Logged as [FE-001] in PROBLEM.log. Assigned fix to @frontend-eng and verification to @web-tester.
- [2026-05-22] @sa: Assigned @arch-devops to maintain and update PROJECT_SKELETON.md to ensure it accurately reflects the current directory structure.
